// Jest Snapshot v1, https://goo.gl/fbAQLP

exports[`List renders correctly 1`] = `
<div>
  <div
    class="list-div "
  >
    <input
      placeholder="search country"
      value=""
    />
    <ul
      class="list"
    >
      <li
        class="list-item"
      >
        US
        : 
        <span>
          1000
        </span>
      </li>
    </ul>
  </div>
</div>
`;
